// Jest Snapshot v1, https://goo.gl/fbAQLP

exports[`<LabelComponent /> should render match snapshot 1`] = `
.c0 {
  font-size: 2.4rem;
}

<label
  class="c0"
  for="teste"
>
  Teste
</label>
`;
